// Vitest Snapshot v1, https://vitest.dev/guide/snapshot.html

exports[`agent-text · snapshots @ ts5.9.3 > renders arity-changed 1`] = `
"root: fixtures/arity-changed/before
4 errors · 3 files · 1 root cause

[1] cause: function 'auditEvent' declared at src/audit/event.ts:13:1
    4 diagnostics, all TS2554
    src/accounts/session.ts:4:17 error TS2554: Expected 2 arguments, but got 1.
      related src/audit/event.ts:13:44: An argument for 'actor' was not provided.
    src/accounts/session.ts:9:17 error TS2554: Expected 2 arguments, but got 1.
      related src/audit/event.ts:13:44: An argument for 'actor' was not provided.
    src/admin/impersonation.ts:4:17 error TS2554: Expected 2 arguments, but got 1.
      related src/audit/event.ts:13:44: An argument for 'actor' was not provided.
    +1 more site (--all for every one)
"
`;

exports[`agent-text · snapshots @ ts5.9.3 > renders arity-changed with --all 1`] = `
"root: fixtures/arity-changed/before
4 errors · 3 files

[1] src/accounts/session.ts:4:17 error TS2554: Expected 2 arguments, but got 1.
    related src/audit/event.ts:13:44: An argument for 'actor' was not provided.

[2] src/accounts/session.ts:9:17 error TS2554: Expected 2 arguments, but got 1.
    related src/audit/event.ts:13:44: An argument for 'actor' was not provided.

[3] src/admin/impersonation.ts:4:17 error TS2554: Expected 2 arguments, but got 1.
    related src/audit/event.ts:13:44: An argument for 'actor' was not provided.

[4] src/billing/refund.ts:4:17 error TS2554: Expected 2 arguments, but got 1.
    related src/audit/event.ts:13:44: An argument for 'actor' was not provided.
"
`;

exports[`agent-text · snapshots @ ts5.9.3 > renders broken-barrel-export 1`] = `
"root: fixtures/broken-barrel-export/before
3 errors · 3 files · 1 root cause

[1] cause: module '../domain' declared at src/domain/index.ts:1:1
    3 diagnostics, all TS2724
    src/billing/invoice.ts:2:22 error TS2724: '"../domain"' has no exported member named 'OrderId'. Did you mean 'Order'?
    src/reporting/summary.ts:3:27 error TS2724: '"../domain"' has no exported member named 'OrderId'. Did you mean 'Order'?
    src/shipping/label.ts:3:15 error TS2724: '"../domain"' has no exported member named 'OrderId'. Did you mean 'Order'?
"
`;

exports[`agent-text · snapshots @ ts5.9.3 > renders broken-barrel-export with --all 1`] = `
"root: fixtures/broken-barrel-export/before
3 errors · 3 files

[1] src/billing/invoice.ts:2:22 error TS2724: '"../domain"' has no exported member named 'OrderId'. Did you mean 'Order'?

[2] src/reporting/summary.ts:3:27 error TS2724: '"../domain"' has no exported member named 'OrderId'. Did you mean 'Order'?

[3] src/shipping/label.ts:3:15 error TS2724: '"../domain"' has no exported member named 'OrderId'. Did you mean 'Order'?
"
`;

exports[`agent-text · snapshots @ ts5.9.3 > renders missing-required-property 1`] = `
"root: fixtures/missing-required-property/before
3 errors · 3 files

[1] src/accounts/signup.ts:4:3 error TS2741: Property 'locale' is missing in type '{ id: string; displayName: string; }' but required in type 'Profile'.
    related src/accounts/profile.ts:10:3: 'locale' is declared here.

[2] src/import/csv.ts:4:9 error TS2741: Property 'locale' is missing in type '{ id: string; displayName: string; }' but required in type 'Profile'.
    related src/accounts/profile.ts:10:3: 'locale' is declared here.

[3] src/testing/fixtures.ts:3:7 error TS2741: Property 'locale' is missing in type '{ id: string; displayName: string; }' but required in type 'Profile'.
    related src/accounts/profile.ts:10:3: 'locale' is declared here.
"
`;

exports[`agent-text · snapshots @ ts5.9.3 > renders missing-required-property with --all 1`] = `
"root: fixtures/missing-required-property/before
3 errors · 3 files

[1] src/accounts/signup.ts:4:3 error TS2741: Property 'locale' is missing in type '{ id: string; displayName: string; }' but required in type 'Profile'.
    related src/accounts/profile.ts:10:3: 'locale' is declared here.

[2] src/import/csv.ts:4:9 error TS2741: Property 'locale' is missing in type '{ id: string; displayName: string; }' but required in type 'Profile'.
    related src/accounts/profile.ts:10:3: 'locale' is declared here.

[3] src/testing/fixtures.ts:3:7 error TS2741: Property 'locale' is missing in type '{ id: string; displayName: string; }' but required in type 'Profile'.
    related src/accounts/profile.ts:10:3: 'locale' is declared here.
"
`;

exports[`agent-text · snapshots @ ts5.9.3 > renders narrowed-union-member 1`] = `
"root: fixtures/narrowed-union-member/before
8 errors · 3 files · 1 root cause

[1] cause: type-alias 'Shape' declared at src/geometry/shape.ts:7:1
    8 diagnostics, all TS2339
    src/geometry/area.ts:4:13 error TS2339: Property 'kind' does not exist on type 'Shape'.
        TS2339: Property 'kind' does not exist on type '{ type: "circle"; radius: number; }'.
    src/geometry/area.ts:4:55 error TS2339: Property 'radius' does not exist on type 'Shape'.
        TS2339: Property 'radius' does not exist on type '{ type: "square"; side: number; }'.
    src/geometry/area.ts:5:13 error TS2339: Property 'kind' does not exist on type 'Shape'.
        TS2339: Property 'kind' does not exist on type '{ type: "circle"; radius: number; }'.
    +5 more sites (--all for every one)
"
`;

exports[`agent-text · snapshots @ ts5.9.3 > renders narrowed-union-member with --all 1`] = `
"root: fixtures/narrowed-union-member/before
8 errors · 3 files

[1] src/geometry/area.ts:4:13 error TS2339: Property 'kind' does not exist on type 'Shape'.
      TS2339: Property 'kind' does not exist on type '{ type: "circle"; radius: number; }'.

[2] src/geometry/area.ts:4:55 error TS2339: Property 'radius' does not exist on type 'Shape'.
      TS2339: Property 'radius' does not exist on type '{ type: "square"; side: number; }'.

[3] src/geometry/area.ts:5:13 error TS2339: Property 'kind' does not exist on type 'Shape'.
      TS2339: Property 'kind' does not exist on type '{ type: "circle"; radius: number; }'.

[4] src/geometry/area.ts:5:45 error TS2339: Property 'side' does not exist on type 'Shape'.
      TS2339: Property 'side' does not exist on type '{ type: "circle"; radius: number; }'.

[5] src/geometry/area.ts:6:17 error TS2339: Property 'base' does not exist on type 'Shape'.
      TS2339: Property 'base' does not exist on type '{ type: "circle"; radius: number; }'.

[6] src/geometry/area.ts:6:30 error TS2339: Property 'height' does not exist on type 'Shape'.
      TS2339: Property 'height' does not exist on type '{ type: "circle"; radius: number; }'.

[7] src/render/label.ts:4:21 error TS2339: Property 'kind' does not exist on type 'Shape'.
      TS2339: Property 'kind' does not exist on type '{ type: "circle"; radius: number; }'.

[8] src/render/legend.ts:4:38 error TS2339: Property 'kind' does not exist on type 'Shape'.
      TS2339: Property 'kind' does not exist on type '{ type: "circle"; radius: number; }'.
"
`;

exports[`agent-text · snapshots @ ts5.9.3 > renders nullable-chain 1`] = `
"root: fixtures/nullable-chain/before
4 errors · 3 files

[1] src/diagnostics/report.ts:4:27 error TS18047: 'settings.proxy' is possibly 'null'.

[2] src/transport/dialer.ts:4:13 error TS18047: 'settings.proxy' is possibly 'null'.

[3] src/transport/dialer.ts:4:36 error TS18047: 'settings.proxy' is possibly 'null'.

[4] src/transport/health.ts:4:10 error TS18047: 'settings.proxy' is possibly 'null'.
"
`;

exports[`agent-text · snapshots @ ts5.9.3 > renders nullable-chain with --all 1`] = `
"root: fixtures/nullable-chain/before
4 errors · 3 files

[1] src/diagnostics/report.ts:4:27 error TS18047: 'settings.proxy' is possibly 'null'.

[2] src/transport/dialer.ts:4:13 error TS18047: 'settings.proxy' is possibly 'null'.

[3] src/transport/dialer.ts:4:36 error TS18047: 'settings.proxy' is possibly 'null'.

[4] src/transport/health.ts:4:10 error TS18047: 'settings.proxy' is possibly 'null'.
"
`;

exports[`agent-text · snapshots @ ts5.9.3 > renders overload-mismatch 1`] = `
"root: fixtures/overload-mismatch/before
1 error · 1 file

[1] src/transport/client.ts:4:10 error TS2769: No overload matches this call.
      TS2772: Overload 1 of 3, '(url: string, options: GetOptions): string', gave the following error.
        TS2322: Type '"POST"' is not assignable to type '"GET"'.
      TS2772: Overload 2 of 3, '(url: string, options: PostOptions): string', gave the following error.
        TS2820: Type '"exponentail"' is not assignable to type '"exponential" | "linear"'. Did you mean '"exponential"'?
      TS2772: Overload 3 of 3, '(url: string, options: StreamOptions): string', gave the following error.
        TS2322: Type '"POST"' is not assignable to type '"STREAM"'.
    related src/transport/request.ts:10:3: The expected type comes from property 'method' which is declared here on type 'GetOptions'
    related src/transport/request.ts:4:5: The expected type comes from property 'kind' which is declared here on type '{ kind: "exponential" | "linear"; ceilingMs: number; }'
    related src/transport/request.ts:22:3: The expected type comes from property 'method' which is declared here on type 'StreamOptions'
"
`;

exports[`agent-text · snapshots @ ts5.9.3 > renders overload-mismatch with --all 1`] = `
"root: fixtures/overload-mismatch/before
1 error · 1 file

[1] src/transport/client.ts:4:10 error TS2769: No overload matches this call.
      TS2772: Overload 1 of 3, '(url: string, options: GetOptions): string', gave the following error.
        TS2322: Type '"POST"' is not assignable to type '"GET"'.
      TS2772: Overload 2 of 3, '(url: string, options: PostOptions): string', gave the following error.
        TS2820: Type '"exponentail"' is not assignable to type '"exponential" | "linear"'. Did you mean '"exponential"'?
      TS2772: Overload 3 of 3, '(url: string, options: StreamOptions): string', gave the following error.
        TS2322: Type '"POST"' is not assignable to type '"STREAM"'.
    related src/transport/request.ts:10:3: The expected type comes from property 'method' which is declared here on type 'GetOptions'
    related src/transport/request.ts:4:5: The expected type comes from property 'kind' which is declared here on type '{ kind: "exponential" | "linear"; ceilingMs: number; }'
    related src/transport/request.ts:22:3: The expected type comes from property 'method' which is declared here on type 'StreamOptions'
"
`;

exports[`agent-text · snapshots @ ts5.9.3 > renders partial-interface-rename 1`] = `
"root: fixtures/partial-interface-rename/before
3 errors · 1 file · 1 root cause

[1] cause: interface 'CreateUserInput' declared at src/types/user.ts:7:1
    3 diagnostics, TS2339 · TS2345 · TS2353
    src/api/user.ts:10:5 error TS2353: Object literal may only specify known properties, and 'emailAddress' does not exist in type 'CreateUserInput'.
    src/api/user.ts:16:16 error TS2339: Property 'emailAddress' does not exist on type 'CreateUserInput'.
    src/api/user.ts:30:11 error TS2345: Argument of type '{ id: string; emailAddress: string; }' is not assignable to parameter of type 'CreateUserInput'.
        TS2741: Property 'email' is missing in type '{ id: string; emailAddress: string; }' but required in type 'CreateUserInput'.
      related src/types/user.ts:9:3: 'email' is declared here.
"
`;

exports[`agent-text · snapshots @ ts5.9.3 > renders partial-interface-rename with --all 1`] = `
"root: fixtures/partial-interface-rename/before
3 errors · 1 file

[1] src/api/user.ts:10:5 error TS2353: Object literal may only specify known properties, and 'emailAddress' does not exist in type 'CreateUserInput'.

[2] src/api/user.ts:16:16 error TS2339: Property 'emailAddress' does not exist on type 'CreateUserInput'.

[3] src/api/user.ts:30:11 error TS2345: Argument of type '{ id: string; emailAddress: string; }' is not assignable to parameter of type 'CreateUserInput'.
      TS2741: Property 'email' is missing in type '{ id: string; emailAddress: string; }' but required in type 'CreateUserInput'.
    related src/types/user.ts:9:3: 'email' is declared here.
"
`;

exports[`agent-text · snapshots @ ts5.9.3 > renders two-independent-roots 1`] = `
"root: fixtures/two-independent-roots/before
2 errors · 2 files

[1] src/billing/invoice.ts:10:15 error TS2339: Property 'quantity' does not exist on type 'LineItem'.

[2] src/reporting/export.ts:3:23 error TS2307: Cannot find module '@acme/csv-writer' or its corresponding type declarations.
"
`;

exports[`agent-text · snapshots @ ts5.9.3 > renders two-independent-roots with --all 1`] = `
"root: fixtures/two-independent-roots/before
2 errors · 2 files

[1] src/billing/invoice.ts:10:15 error TS2339: Property 'quantity' does not exist on type 'LineItem'.

[2] src/reporting/export.ts:3:23 error TS2307: Cannot find module '@acme/csv-writer' or its corresponding type declarations.
"
`;
